C51 COMPILER V9.05   MAIN                                                                  05/07/2023 13:07:20 PAGE 1   


C51 COMPILER V9.05, COMPILATION OF MODULE MAIN
OBJECT MODULE PLACED IN ..\Output\main.obj
COMPILER INVOKED BY: C:\Keil\C51\BIN\C51.EXE ..\User\main.c LARGE OPTIMIZE(1,SPEED) BROWSE INCDIR(..\User;..\Library) DE
                    -BUG OBJECTEXTEND PRINT(..\Temp\main.lst) OBJECT(..\Output\main.obj)

line level    source

   1          /************************************************************************************
   2          
   3          程序名称： （晶振频率18.432MHz）
   4          功能说明: 通过串口3发送“Everything is possible!”
   5                            波特率9600，数据位8，奇偶效验无，停止位1，数据流控制无
   6          ************************************************************************************/
   7          #include "stc15f2k60s2.h" // 单片机STC15F2K60S2头文件,可以不再加入reg51.h
   8          #include <intrins.h>      // 加入此头文件后,可使用_nop_库函数
   9          #include "delay.h"                // 延时函数头文件
  10          #include "uart.h"                 // 串行通信函数头文件
  11          #define uint unsigned int
  12          #define uchar unsigned char
  13          #include <stdio.h>
  14          #include <string.h>
  15          #include <stdlib.h>
  16                                          
  17          // sbit x0 = P4^3;
  18          // sbit x1 = P4^4;
  19          // sbit x2 = P2^0;
  20          // sbit x3 = P2^1;
  21          // sbit x4 = P2^2;
  22          // sbit x5 = P2^3;
  23          // sbit x6 = P2^4;
  24          // sbit x7 = P2^5;
  25          // sbit x10 = P2^6;
  26          // sbit x11 = P2^7;
  27          // sbit x12 = P4^5;
  28          // sbit x13 = P4^6;
  29          
  30          sbit x0 = P2 ^ 4;
  31          sbit x1 = P2 ^ 5;
  32          
  33          sbit x2 = P2 ^ 6;
  34          sbit x3 = P2 ^ 7;
  35          
  36          sbit x4 = P4 ^ 5;
  37          sbit x5 = P4 ^ 6;
  38          
  39          sbit x6 = P0 ^ 2;
  40          sbit x7 = P0 ^ 3;
  41          
  42          sbit x8 = P0 ^ 4;
  43          sbit x9 = P5 ^ 2;
  44          
  45          sbit y0 = P2 ^ 3;
  46          sbit y1 = P2 ^ 2;
  47          sbit y2 = P2 ^ 1;
  48          sbit y3 = P2 ^ 0;
  49          sbit y4 = P4 ^ 4;
  50          sbit y5 = P4 ^ 3;
  51          
  52          void printf2(char *puts)
  53          {
  54   1              while (*puts)
C51 COMPILER V9.05   MAIN                                                                  05/07/2023 13:07:20 PAGE 2   

  55   1              {
  56   2                      sendbyte2(*puts);
  57   2                      puts++;
  58   2              }
  59   1      }
  60          
  61          void io_inint()
  62          {
  63   1              P0M1 = 0;
  64   1              P0M0 = 0; // 设置P0.0~P0.7为准双向口
  65   1              P1M1 = 0;
  66   1              P1M0 = 0; // 设置P1.0~P1.7为准双向口
  67   1              P2M1 = 0;
  68   1              P2M0 = 0; // 设置P2.0~P2.7为准双向口
  69   1              P3M1 = 0;
  70   1              P3M0 = 0; // 设置P3.0~P3.7为准双向口
  71   1              P4M1 = 0;
  72   1              P4M0 = 0; // 设置P4.0~P4.7为准双向口
  73   1              P5M1 = 0;
  74   1              P5M0 = 0; // 设置P5.0~P5.7为准双向口
  75   1      }
  76          
  77          int xinget(int zhi)
  78          {
  79   1              if (zhi == 0)
  80   1                      return x0;
  81   1              if (zhi == 1)
  82   1                      return x1;
  83   1              if (zhi == 2)
  84   1                      return x2;
  85   1              if (zhi == 3)
  86   1                      return x3;
  87   1              if (zhi == 4)
  88   1                      return x4;
  89   1              if (zhi == 5)
  90   1                      return x5;
  91   1              if (zhi == 6)
  92   1                      return x6;
  93   1              if (zhi == 7)
  94   1                      return x7;
  95   1              if (zhi == 8)
  96   1                      return x8;
  97   1              if (zhi == 9)
  98   1                      return x9;
  99   1      }
 100          void getxin()
 101          {
 102   1              int i;
 103   1              char datatmp[10];
 104   1              for (i = 0; i < 10; i++)
 105   1              {
 106   2                      sprintf(datatmp, "x%d %d\n", i, xinget(i));
 107   2                      PrintString(datatmp);
 108   2              }
 109   1      }
 110          void delay_ms(int m)
 111          {
 112   1              int x, y;
 113   1              for (x = m; x > 0; x--)
 114   1                      for (y = 220; y > 0; y--)
 115   1                              ;
 116   1      }
C51 COMPILER V9.05   MAIN                                                                  05/07/2023 13:07:20 PAGE 3   

 117          
 118          int xiugaiflag=0;
 119          int xiugairec=0;
 120          void jisuandianliu(char *p)
 121          {
 122   1              char* index;
 123   1              int ans;
 124   1              index=strstr(p,"setdianliu");
 125   1              if(index==0)
 126   1              {
 127   2                      return  ;
 128   2              }
 129   1              ans=atoi(index+strlen("setdianliu"));
 130   1              if(ans==-1)
 131   1              {
 132   2                      return;
 133   2              }
 134   1              xiugaiflag=1;
 135   1              xiugairec=ans;
 136   1      }
 137          void runningcheck()
 138          {
 139   1              if(xiugaiflag==0)
 140   1              {
 141   2                      return ;
 142   2              }
 143   1              xiugaiflag=0;
 144   1              printf("get xiugairec %d",xiugairec);
 145   1      
 146   1      }
 147          void main()
 148          {
 149   1              char shuju[100]="sdsdsd:setdianliu760";
 150   1      int ans;
 151   1              io_inint();
 152   1              Uart23Init();
 153   1      
 154   1              Timer0Init();
 155   1              UartInit();
 156   1      
 157   1              Uart4Init();
 158   1      
 159   1              while (1)
 160   1              {
 161   2                      delay_ms(100);
 162   2                      // ans=jisuandianliu(shuju);
 163   2                      runningcheck();
 164   2                      // printf("ans %d",ans);
 165   2                      // PrintString("12345");
 166   2                      // sendbyte3('a');
 167   2              }
 168   1      }
*** WARNING C280 IN LINE 150 OF ..\User\main.c: 'ans': unreferenced local variable
 169          
 170          
 171          
 172          
 173          uint weishu1, weishu2, weishu3, weishu4;
 174          char buf1[100];
 175          char buf2[100];
 176          char buf3[100];
 177          char buf4[100];
C51 COMPILER V9.05   MAIN                                                                  05/07/2023 13:07:20 PAGE 4   

 178          char temp1, temp2, temp3, temp4;
 179          
 180          
 181          int timeleft1, timeleft2, timeleft3, timeleft4;
 182          void chuankou3put(char c)
 183          {
 184   1              buf3[weishu3++] = c;
 185   1              if (weishu3 > 80)
 186   1                      weishu3 = 0;
 187   1              timeleft3 = 20;
 188   1      }
 189          void chuankou3jisuan()
 190          {
 191   1              // PrintString(buf3);
 192   1              jisuandianliu(buf3);
 193   1              memset(buf3, 0, sizeof(buf3));
 194   1              weishu3 = 0;
 195   1      }
 196          void chuankou3time()
 197          {
 198   1              if (timeleft3 > 0)
 199   1              {
 200   2                      timeleft3--;
 201   2                      if (timeleft3 == 0) // 数据一次收完了.
 202   2                      {
 203   3                              chuankou3jisuan();
 204   3                      }
 205   2              }
 206   1      }
 207          void Timer0() interrupt 1
 208          {
 209   1              chuankou3time();
 210   1      }
 211          void UARTInterrupt(void) interrupt 4
 212          {
 213   1              char downstr;
 214   1              if (RI)
 215   1              {
 216   2                      RI = 0;
 217   2              }
 218   1              else
 219   1              {
 220   2                      TI = 0;
 221   2              }
 222   1              if (TI) // 发送中断..
 223   1              {
 224   2                      TI = 0;
 225   2              }
 226   1      }
*** WARNING C280 IN LINE 213 OF ..\User\main.c: 'downstr': unreferenced local variable
 227          
 228          void uart2(void) interrupt 8
 229          {
 230   1              if (S2CON & S2RI)
 231   1              {
 232   2                      S2CON &= ~S2RI;
 233   2                      temp2 = S2BUF;
 234   2              }
 235   1              if (S2CON & S2TI)
 236   1              {
 237   2                      // y1=0;
 238   2                      S2CON &= ~S2TI; // 清除S2TI位
C51 COMPILER V9.05   MAIN                                                                  05/07/2023 13:07:20 PAGE 5   

 239   2                      busy2 = 0;              // 清忙标志
 240   2              }
 241   1      }
 242          
 243          void Uart3() interrupt 17 using 1
 244          {
 245   1              if (S3CON & S3RI)
 246   1              {
 247   2                      S3CON &= ~S3RI; //??S3RI?
 248   2                      temp3 = S3BUF;
 249   2                      chuankou3put(temp3);
 250   2              }
 251   1              if (S3CON & S3TI)
 252   1              {
 253   2                      S3CON &= ~S3TI; // 清除S3TI位
 254   2                      busy3 = 0;              // 清忙标志
 255   2              }
 256   1      }
 257          
 258          void Uart4() interrupt 18
 259          {
 260   1              if (S4CON & S4RI)
 261   1              {
 262   2                      S4CON &= ~S4RI; //??S4RI?
 263   2                      temp4 = S4BUF;
 264   2              }
 265   1              if (TI4)
 266   1              {
 267   2                      CLR_TI4();
 268   2                      busy4 = 0; // 清忙标志
 269   2              }
 270   1      }
*** WARNING C291 IN LINE 99 OF ..\User\main.c: not every exit path returns a value


MODULE INFORMATION:   STATIC OVERLAYABLE
   CODE SIZE        =   1175    ----
   CONSTANT SIZE    =    136    ----
   XDATA SIZE       =    559    ----
   PDATA SIZE       =   ----    ----
   DATA SIZE        =   ----    ----
   IDATA SIZE       =   ----    ----
   BIT SIZE         =   ----    ----
END OF MODULE INFORMATION.


C51 COMPILATION COMPLETE.  3 WARNING(S),  0 ERROR(S)
